Archive member included to satisfy reference by file (symbol)

D:/App/cubeide/data/STM32CubeIDE_1.18.1/STM32CubeIDE/plugins/com.st.stm32cube.ide.mcu.externaltools.gnu-tools-for-stm32.13.3.rel1.win32_1.0.0.202411081344/tools/bin/../lib/gcc/arm-none-eabi/13.3.1/../../../../arm-none-eabi/lib/thumb/v7-m/nofp\libc_nano.a(libc_a-exit.o)
                              D:/App/cubeide/data/STM32CubeIDE_1.18.1/STM32CubeIDE/plugins/com.st.stm32cube.ide.mcu.externaltools.gnu-tools-for-stm32.13.3.rel1.win32_1.0.0.202411081344/tools/bin/../lib/gcc/arm-none-eabi/13.3.1/../../../../arm-none-eabi/lib/thumb/v7-m/nofp/crt0.o (exit)
D:/App/cubeide/data/STM32CubeIDE_1.18.1/STM32CubeIDE/plugins/com.st.stm32cube.ide.mcu.externaltools.gnu-tools-for-stm32.13.3.rel1.win32_1.0.0.202411081344/tools/bin/../lib/gcc/arm-none-eabi/13.3.1/../../../../arm-none-eabi/lib/thumb/v7-m/nofp\libc_nano.a(libc_a-findfp.o)
                              D:/App/cubeide/data/STM32CubeIDE_1.18.1/STM32CubeIDE/plugins/com.st.stm32cube.ide.mcu.externaltools.gnu-tools-for-stm32.13.3.rel1.win32_1.0.0.202411081344/tools/bin/../lib/gcc/arm-none-eabi/13.3.1/../../../../arm-none-eabi/lib/thumb/v7-m/nofp\libc_nano.a(libc_a-exit.o) (__stdio_exit_handler)
D:/App/cubeide/data/STM32CubeIDE_1.18.1/STM32CubeIDE/plugins/com.st.stm32cube.ide.mcu.externaltools.gnu-tools-for-stm32.13.3.rel1.win32_1.0.0.202411081344/tools/bin/../lib/gcc/arm-none-eabi/13.3.1/../../../../arm-none-eabi/lib/thumb/v7-m/nofp\libc_nano.a(libc_a-fwalk.o)
                              D:/App/cubeide/data/STM32CubeIDE_1.18.1/STM32CubeIDE/plugins/com.st.stm32cube.ide.mcu.externaltools.gnu-tools-for-stm32.13.3.rel1.win32_1.0.0.202411081344/tools/bin/../lib/gcc/arm-none-eabi/13.3.1/../../../../arm-none-eabi/lib/thumb/v7-m/nofp\libc_nano.a(libc_a-findfp.o) (_fwalk_sglue)
D:/App/cubeide/data/STM32CubeIDE_1.18.1/STM32CubeIDE/plugins/com.st.stm32cube.ide.mcu.externaltools.gnu-tools-for-stm32.13.3.rel1.win32_1.0.0.202411081344/tools/bin/../lib/gcc/arm-none-eabi/13.3.1/../../../../arm-none-eabi/lib/thumb/v7-m/nofp\libc_nano.a(libc_a-stdio.o)
                              D:/App/cubeide/data/STM32CubeIDE_1.18.1/STM32CubeIDE/plugins/com.st.stm32cube.ide.mcu.externaltools.gnu-tools-for-stm32.13.3.rel1.win32_1.0.0.202411081344/tools/bin/../lib/gcc/arm-none-eabi/13.3.1/../../../../arm-none-eabi/lib/thumb/v7-m/nofp\libc_nano.a(libc_a-findfp.o) (__sread)
D:/App/cubeide/data/STM32CubeIDE_1.18.1/STM32CubeIDE/plugins/com.st.stm32cube.ide.mcu.externaltools.gnu-tools-for-stm32.13.3.rel1.win32_1.0.0.202411081344/tools/bin/../lib/gcc/arm-none-eabi/13.3.1/../../../../arm-none-eabi/lib/thumb/v7-m/nofp\libc_nano.a(libc_a-memset.o)
                              D:/App/cubeide/data/STM32CubeIDE_1.18.1/STM32CubeIDE/plugins/com.st.stm32cube.ide.mcu.externaltools.gnu-tools-for-stm32.13.3.rel1.win32_1.0.0.202411081344/tools/bin/../lib/gcc/arm-none-eabi/13.3.1/../../../../arm-none-eabi/lib/thumb/v7-m/nofp/crt0.o (memset)
D:/App/cubeide/data/STM32CubeIDE_1.18.1/STM32CubeIDE/plugins/com.st.stm32cube.ide.mcu.externaltools.gnu-tools-for-stm32.13.3.rel1.win32_1.0.0.202411081344/tools/bin/../lib/gcc/arm-none-eabi/13.3.1/../../../../arm-none-eabi/lib/thumb/v7-m/nofp\libc_nano.a(libc_a-closer.o)
                              D:/App/cubeide/data/STM32CubeIDE_1.18.1/STM32CubeIDE/plugins/com.st.stm32cube.ide.mcu.externaltools.gnu-tools-for-stm32.13.3.rel1.win32_1.0.0.202411081344/tools/bin/../lib/gcc/arm-none-eabi/13.3.1/../../../../arm-none-eabi/lib/thumb/v7-m/nofp\libc_nano.a(libc_a-stdio.o) (_close_r)
D:/App/cubeide/data/STM32CubeIDE_1.18.1/STM32CubeIDE/plugins/com.st.stm32cube.ide.mcu.externaltools.gnu-tools-for-stm32.13.3.rel1.win32_1.0.0.202411081344/tools/bin/../lib/gcc/arm-none-eabi/13.3.1/../../../../arm-none-eabi/lib/thumb/v7-m/nofp\libc_nano.a(libc_a-reent.o)
                              D:/App/cubeide/data/STM32CubeIDE_1.18.1/STM32CubeIDE/plugins/com.st.stm32cube.ide.mcu.externaltools.gnu-tools-for-stm32.13.3.rel1.win32_1.0.0.202411081344/tools/bin/../lib/gcc/arm-none-eabi/13.3.1/../../../../arm-none-eabi/lib/thumb/v7-m/nofp\libc_nano.a(libc_a-closer.o) (errno)
D:/App/cubeide/data/STM32CubeIDE_1.18.1/STM32CubeIDE/plugins/com.st.stm32cube.ide.mcu.externaltools.gnu-tools-for-stm32.13.3.rel1.win32_1.0.0.202411081344/tools/bin/../lib/gcc/arm-none-eabi/13.3.1/../../../../arm-none-eabi/lib/thumb/v7-m/nofp\libc_nano.a(libc_a-impure.o)
                              D:/App/cubeide/data/STM32CubeIDE_1.18.1/STM32CubeIDE/plugins/com.st.stm32cube.ide.mcu.externaltools.gnu-tools-for-stm32.13.3.rel1.win32_1.0.0.202411081344/tools/bin/../lib/gcc/arm-none-eabi/13.3.1/../../../../arm-none-eabi/lib/thumb/v7-m/nofp\libc_nano.a(libc_a-reent.o) (_impure_ptr)
D:/App/cubeide/data/STM32CubeIDE_1.18.1/STM32CubeIDE/plugins/com.st.stm32cube.ide.mcu.externaltools.gnu-tools-for-stm32.13.3.rel1.win32_1.0.0.202411081344/tools/bin/../lib/gcc/arm-none-eabi/13.3.1/../../../../arm-none-eabi/lib/thumb/v7-m/nofp\libc_nano.a(libc_a-lseekr.o)
[...]
Memory Configuration

Name             Origin             Length             Attributes
RAM              0x20000000         0x00005000         xrw
FLASH            0x08000000         0x00001800         xr
*default*        0x00000000         0xffffffff

Linker script and memory map

LOAD D:/App/cubeide/data/STM32CubeIDE_1.18.1/STM32CubeIDE/plugins/com.st.stm32cube.ide.mcu.externaltools.gnu-tools-for-stm32.13.3.rel1.win32_1.0.0.202411081344/tools/bin/../lib/gcc/arm-none-eabi/13.3.1/thumb/v7-m/nofp/crti.o
LOAD D:/App/cubeide/data/STM32CubeIDE_1.18.1/STM32CubeIDE/plugins/com.st.stm32cube.ide.mcu.externaltools.gnu-tools-for-stm32.13.3.rel1.win32_1.0.0.202411081344/tools/bin/../lib/gcc/arm-none-eabi/13.3.1/thumb/v7-m/nofp/crtbegin.o
LOAD D:/App/cubeide/data/STM32CubeIDE_1.18.1/STM32CubeIDE/plugins/com.st.stm32cube.ide.mcu.externaltools.gnu-tools-for-stm32.13.3.rel1.win32_1.0.0.202411081344/tools/bin/../lib/gcc/arm-none-eabi/13.3.1/../../../../arm-none-eabi/lib/thumb/v7-m/nofp/crt0.o
LOAD ./Src/Flash.o
LOAD ./Src/Interrupt.o
LOAD ./Src/RCC.o
LOAD ./Src/Ringbuffer.o
LOAD ./Src/Timer.o
LOAD ./Src/UART.o
LOAD ./Src/gpio.o
LOAD ./Src/main.o
LOAD ./Src/syscalls.o
LOAD ./Src/sysmem.o
LOAD ./Startup/startup_stm32f103c8tx.o
START GROUP
LOAD D:/App/cubeide/data/STM32CubeIDE_1.18.1/STM32CubeIDE/plugins/com.st.stm32cube.ide.mcu.externaltools.gnu-tools-for-stm32.13.3.rel1.win32_1.0.0.202411081344/tools/bin/../lib/gcc/arm-none-eabi/13.3.1/../../../../arm-none-eabi/lib/thumb/v7-m/nofp\libc_nano.a
LOAD D:/App/cubeide/data/STM32CubeIDE_1.18.1/STM32CubeIDE/plugins/com.st.stm32cube.ide.mcu.externaltools.gnu-tools-for-stm32.13.3.rel1.win32_1.0.0.202411081344/tools/bin/../lib/gcc/arm-none-eabi/13.3.1/../../../../arm-none-eabi/lib/thumb/v7-m/nofp\libm.a
END GROUP
START GROUP
LOAD D:/App/cubeide/data/STM32CubeIDE_1.18.1/STM32CubeIDE/plugins/com.st.stm32cube.ide.mcu.externaltools.gnu-tools-for-stm32.13.3.rel1.win32_1.0.0.202411081344/tools/bin/../lib/gcc/arm-none-eabi/13.3.1/thumb/v7-m/nofp\libgcc.a
LOAD D:/App/cubeide/data/STM32CubeIDE_1.18.1/STM32CubeIDE/plugins/com.st.stm32cube.ide.mcu.externaltools.gnu-tools-for-stm32.13.3.rel1.win32_1.0.0.202411081344/tools/bin/../lib/gcc/arm-none-eabi/13.3.1/../../../../arm-none-eabi/lib/thumb/v7-m/nofp\libc_nano.a
END GROUP
START GROUP
LOAD D:/App/cubeide/data/STM32CubeIDE_1.18.1/STM32CubeIDE/plugins/com.st.stm32cube.ide.mcu.externaltools.gnu-tools-for-stm32.13.3.rel1.win32_1.0.0.202411081344/tools/bin/../lib/gcc/arm-none-eabi/13.3.1/thumb/v7-m/nofp\libgcc.a
LOAD D:/App/cubeide/data/STM32CubeIDE_1.18.1/STM32CubeIDE/plugins/com.st.stm32cube.ide.mcu.externaltools.gnu-tools-for-stm32.13.3.rel1.win32_1.0.0.202411081344/tools/bin/../lib/gcc/arm-none-eabi/13.3.1/../../../../arm-none-eabi/lib/thumb/v7-m/nofp\libc_nano.a
LOAD D:/App/cubeide/data/STM32CubeIDE_1.18.1/STM32CubeIDE/plugins/com.st.stm32cube.ide.mcu.externaltools.gnu-tools-for-stm32.13.3.rel1.win32_1.0.0.202411081344/tools/bin/../lib/gcc/arm-none-eabi/13.3.1/../../../../arm-none-eabi/lib/thumb/v7-m/nofp\libnosys.a
END GROUP
START GROUP
LOAD D:/App/cubeide/data/STM32CubeIDE_1.18.1/STM32CubeIDE/plugins/com.st.stm32cube.ide.mcu.externaltools.gnu-tools-for-stm32.13.3.rel1.win32_1.0.0.202411081344/tools/bin/../lib/gcc/arm-none-eabi/13.3.1/thumb/v7-m/nofp\libgcc.a
LOAD D:/App/cubeide/data/STM32CubeIDE_1.18.1/STM32CubeIDE/plugins/com.st.stm32cube.ide.mcu.externaltools.gnu-tools-for-stm32.13.3.rel1.win32_1.0.0.202411081344/tools/bin/../lib/gcc/arm-none-eabi/13.3.1/../../../../arm-none-eabi/lib/thumb/v7-m/nofp\libc_nano.a
LOAD D:/App/cubeide/data/STM32CubeIDE_1.18.1/STM32CubeIDE/plugins/com.st.stm32cube.ide.mcu.externaltools.gnu-tools-for-stm32.13.3.rel1.win32_1.0.0.202411081344/tools/bin/../lib/gcc/arm-none-eabi/13.3.1/../../../../arm-none-eabi/lib/thumb/v7-m/nofp\libnosys.a
END GROUP
LOAD D:/App/cubeide/data/STM32CubeIDE_1.18.1/STM32CubeIDE/plugins/com.st.stm32cube.ide.mcu.externaltools.gnu-tools-for-stm32.13.3.rel1.win32_1.0.0.202411081344/tools/bin/../lib/gcc/arm-none-eabi/13.3.1/thumb/v7-m/nofp/crtend.o
LOAD D:/App/cubeide/data/STM32CubeIDE_1.18.1/STM32CubeIDE/plugins/com.st.stm32cube.ide.mcu.externaltools.gnu-tools-for-stm32.13.3.rel1.win32_1.0.0.202411081344/tools/bin/../lib/gcc/arm-none-eabi/13.3.1/thumb/v7-m/nofp/crtn.o
                0x20005000                        _estack = (ORIGIN (RAM) + LENGTH (RAM))
                0x00000200                        _Min_Heap_Size = 0x200
                0x00000400                        _Min_Stack_Size = 0x400

.isr_vector     0x08000000      0x130
                0x08000000                        . = ALIGN (0x4)
 *(.isr_vector)
 .isr_vector    0x08000000      0x130 ./Startup/startup_stm32f103c8tx.o
                0x08000000                g_pfnVectors
                0x08000130                        . = ALIGN (0x4)

.text           0x08000130      0x880
                0x08000130                        . = ALIGN (0x4)
 *(.text)
 .text          0x08000130       0x40 D:/App/cubeide/data/STM32CubeIDE_1.18.1/STM32CubeIDE/plugins/com.st.stm32cube.ide.mcu.externaltools.gnu-tools-for-stm32.13.3.rel1.win32_1.0.0.202411081344/tools/bin/../lib/gcc/arm-none-eabi/13.3.1/thumb/v7-m/nofp/crtbegin.o
 *(.text*)
 .text.Flash_WriteHalfWord
                0x08000170       0x80 ./Src/Flash.o
                0x08000170                Flash_WriteHalfWord
 .text.Flash_EraseOnePage
                0x080001f0       0x88 ./Src/Flash.o
                0x080001f0                Flash_EraseOnePage
 .text.NVIC_Enable_IRQ
                0x08000278       0x54 ./Src/Interrupt.o
                0x08000278                NVIC_Enable_IRQ
 .text.USART1_RX_Int_init
                0x080002cc       0x12 ./Src/Interrupt.o
                0x080002cc                USART1_RX_Int_init
 *fill*         0x080002de        0x2 
 .text.USART1_IRQHandler
                0x080002e0       0x40 ./Src/Interrupt.o
                0x080002e0                USART1_IRQHandler
 .text.EXTI0_IRQHandler
                0x08000320       0x28 ./Src/Interrupt.o
                0x08000320                EXTI0_IRQHandler
 .text.EXTI1_IRQHandler
                0x08000348       0x28 ./Src/Interrupt.o
                0x08000348                EXTI1_IRQHandler
 .text.EXTI2_IRQHandler
                0x08000370       0x28 ./Src/Interrupt.o
                0x08000370                EXTI2_IRQHandler
 .text.EXTI3_IRQHandler
                0x08000398       0x28 ./Src/Interrupt.o
                0x08000398                EXTI3_IRQHandler
 .text.EXTI4_IRQHandler
                0x080003c0       0x28 ./Src/Interrupt.o
                0x080003c0                EXTI4_IRQHandler
 .text.EXTI9_5_IRQHandler
                0x080003e8       0x50 ./Src/Interrupt.o
                0x080003e8                EXTI9_5_IRQHandler
 .text.EXTI15_10_IRQHandler
                0x08000438       0x50 ./Src/Interrupt.o
                0x08000438                EXTI15_10_IRQHandler
 .text.RCC_Config_HSI_8MHz
                0x08000488       0x88 ./Src/RCC.o
                0x08000488                RCC_Config_HSI_8MHz
 .text.Ringbuffer_put
                0x08000510       0x56 ./Src/Ringbuffer.o
                0x08000510                Ringbuffer_put
 .text.Ringbuffer_get
                0x08000566       0x62 ./Src/Ringbuffer.o
                0x08000566                Ringbuffer_get
 .text.Ringbuffer_init
                0x080005c8       0x22 ./Src/Ringbuffer.o
                0x080005c8                Ringbuffer_init
 *fill*         0x080005ea        0x2 
 .text.UART1_gpio_init
                0x080005ec       0x68 ./Src/UART.o
                0x080005ec                UART1_gpio_init
 .text.UART1_RX_Int_setup
                0x08000654       0x28 ./Src/UART.o
                0x08000654                UART1_RX_Int_setup
 .text.GPIO_init_output
                0x0800067c       0xe8 ./Src/gpio.o
                0x0800067c                GPIO_init_output
 .text.GPIO_toggle_pin
                0x08000764       0x48 ./Src/gpio.o
                0x08000764                GPIO_toggle_pin
 .text.main     0x080007ac       0xd4 ./Src/main.o
                0x080007ac                main
 .text.goto_app
                0x08000880       0x38 ./Src/main.o
                0x08000880                goto_app
 .text.setup_boot_pin
                0x080008b8       0x44 ./Src/main.o
                0x080008b8                setup_boot_pin
 .text.Reset_Handler
                0x080008fc       0x50 ./Startup/startup_stm32f103c8tx.o
                0x080008fc                Reset_Handler
 .text.Default_Handler
                0x0800094c        0x2 ./Startup/startup_stm32f103c8tx.o
                0x0800094c                TIM8_TRG_COM_IRQHandler
                0x0800094c                TIM8_CC_IRQHandler
                0x0800094c                DebugMon_Handler
                0x0800094c                TIM1_CC_IRQHandler
                0x0800094c                HardFault_Handler
                0x0800094c                TIM6_IRQHandler
                0x0800094c                SysTick_Handler
                0x0800094c                PVD_IRQHandler
                0x0800094c                SDIO_IRQHandler
                0x0800094c                PendSV_Handler
                0x0800094c                NMI_Handler
                0x0800094c                USB_HP_CAN_TX_IRQHandler
                0x0800094c                I2C2_EV_IRQHandler
                0x0800094c                UsageFault_Handler
                0x0800094c                ADC1_2_IRQHandler
                0x0800094c                SPI1_IRQHandler
                0x0800094c                CAN_SCE_IRQHandler
                0x0800094c                TAMPER_IRQHandler
                0x0800094c                TIM8_UP_IRQHandler
                0x0800094c                DMA2_Channel2_IRQHandler
                0x0800094c                DMA1_Channel4_IRQHandler
                0x0800094c                USART3_IRQHandler
                0x0800094c                RTC_IRQHandler
                0x0800094c                DMA1_Channel7_IRQHandler
                0x0800094c                UART5_IRQHandler
                0x0800094c                ADC3_IRQHandler
                0x0800094c                TIM4_IRQHandler
                0x0800094c                CAN_RX1_IRQHandler
                0x0800094c                DMA2_Channel1_IRQHandler
                0x0800094c                I2C1_EV_IRQHandler
                0x0800094c                DMA1_Channel6_IRQHandler
                0x0800094c                UART4_IRQHandler
                0x0800094c                TIM3_IRQHandler
                0x0800094c                RCC_IRQHandler
                0x0800094c                TIM1_TRG_COM_IRQHandler
                0x0800094c                DMA1_Channel1_IRQHandler
                0x0800094c                Default_Handler
                0x0800094c                TIM7_IRQHandler
                0x0800094c                TIM5_IRQHandler
                0x0800094c                SPI2_IRQHandler
                0x0800094c                USB_LP_CAN_RX0_IRQHandler
                0x0800094c                MemManage_Handler
                0x0800094c                SVC_Handler
                0x0800094c                DMA1_Channel5_IRQHandler
                0x0800094c                DMA1_Channel3_IRQHandler
                0x0800094c                FSMC_IRQHandler
                0x0800094c                TIM1_UP_IRQHandler
                0x0800094c                WWDG_IRQHandler
                0x0800094c                TIM2_IRQHandler
                0x0800094c                TIM1_BRK_IRQHandler
                0x0800094c                RTCAlarm_IRQHandler
                0x0800094c                DMA2_Channel4_5_IRQHandler
                0x0800094c                USART2_IRQHandler
                0x0800094c                I2C2_ER_IRQHandler
                0x0800094c                DMA1_Channel2_IRQHandler
                0x0800094c                TIM8_BRK_IRQHandler
                0x0800094c                FLASH_IRQHandler
                0x0800094c                BusFault_Handler
                0x0800094c                SPI3_IRQHandler
                0x0800094c                I2C1_ER_IRQHandler
                0x0800094c                DMA2_Channel3_IRQHandler
 *fill*         0x0800094e        0x2 
 .text.__libc_init_array
                0x08000950       0x48 D:/App/cubeide/data/STM32CubeIDE_1.18.1/STM32CubeIDE/plugins/com.st.stm32cube.ide.mcu.externaltools.gnu-tools-for-stm32.13.3.rel1.win32_1.0.0.202411081344/tools/bin/../lib/gcc/arm-none-eabi/13.3.1/../../../../arm-none-eabi/lib/thumb/v7-m/nofp\libc_nano.a(libc_a-init.o)
                0x08000950                __libc_init_array
 *(.glue_7)
 .glue_7        0x08000998        0x0 linker stubs
 *(.glue_7t)
 .glue_7t       0x08000998        0x0 linker stubs
 *(.eh_frame)
 .eh_frame      0x08000998        0x0 D:/App/cubeide/data/STM32CubeIDE_1.18.1/STM32CubeIDE/plugins/com.st.stm32cube.ide.mcu.externaltools.gnu-tools-for-stm32.13.3.rel1.win32_1.0.0.202411081344/tools/bin/../lib/gcc/arm-none-eabi/13.3.1/thumb/v7-m/nofp/crtbegin.o
 *(.init)
 .init          0x08000998        0x4 D:/App/cubeide/data/STM32CubeIDE_1.18.1/STM32CubeIDE/plugins/com.st.stm32cube.ide.mcu.externaltools.gnu-tools-for-stm32.13.3.rel1.win32_1.0.0.202411081344/tools/bin/../lib/gcc/arm-none-eabi/13.3.1/thumb/v7-m/nofp/crti.o
                0x08000998                _init
 .init          0x0800099c        0x8 D:/App/cubeide/data/STM32CubeIDE_1.18.1/STM32CubeIDE/plugins/com.st.stm32cube.ide.mcu.externaltools.gnu-tools-for-stm32.13.3.rel1.win32_1.0.0.202411081344/tools/bin/../lib/gcc/arm-none-eabi/13.3.1/thumb/v7-m/nofp/crtn.o
 *(.fini)
 .fini          0x080009a4        0x4 D:/App/cubeide/data/STM32CubeIDE_1.18.1/STM32CubeIDE/plugins/com.st.stm32cube.ide.mcu.externaltools.gnu-tools-for-stm32.13.3.rel1.win32_1.0.0.202411081344/tools/bin/../lib/gcc/arm-none-eabi/13.3.1/thumb/v7-m/nofp/crti.o
                0x080009a4                _fini
 .fini          0x080009a8        0x8 D:/App/cubeide/data/STM32CubeIDE_1.18.1/STM32CubeIDE/plugins/com.st.stm32cube.ide.mcu.externaltools.gnu-tools-for-stm32.13.3.rel1.win32_1.0.0.202411081344/tools/bin/../lib/gcc/arm-none-eabi/13.3.1/thumb/v7-m/nofp/crtn.o
                0x080009b0                        . = ALIGN (0x4)
                0x080009b0                        _etext = .

.vfp11_veneer   0x080009b0        0x0
 .vfp11_veneer  0x080009b0        0x0 linker stubs

.v4_bx          0x080009b0        0x0
 .v4_bx         0x080009b0        0x0 linker stubs

.iplt           0x080009b0        0x0
 .iplt          0x080009b0        0x0 D:/App/cubeide/data/STM32CubeIDE_1.18.1/STM32CubeIDE/plugins/com.st.stm32cube.ide.mcu.externaltools.gnu-tools-for-stm32.13.3.rel1.win32_1.0.0.202411081344/tools/bin/../lib/gcc/arm-none-eabi/13.3.1/thumb/v7-m/nofp/crtbegin.o

.rodata         0x080009b0        0x0
                0x080009b0                        . = ALIGN (0x4)
 *(.rodata)
 *(.rodata*)
                0x080009b0                        . = ALIGN (0x4)

.ARM.extab      0x080009b0        0x0
                0x080009b0                        . = ALIGN (0x4)
 *(.ARM.extab* .gnu.linkonce.armextab.*)
                0x080009b0                        . = ALIGN (0x4)

.ARM            0x080009b0        0x0
                0x080009b0                        . = ALIGN (0x4)
                0x080009b0                        __exidx_start = .
 *(.ARM.exidx*)
                0x080009b0                        __exidx_end = .
                0x080009b0                        . = ALIGN (0x4)

.preinit_array  0x080009b0        0x0
                0x080009b0                        . = ALIGN (0x4)
                0x080009b0                        PROVIDE (__preinit_array_start = .)
 *(.preinit_array*)
                0x080009b0                        PROVIDE (__preinit_array_end = .)
                0x080009b0                        . = ALIGN (0x4)

.init_array     0x080009b0        0x4
                0x080009b0                        . = ALIGN (0x4)
                0x080009b0                        PROVIDE (__init_array_start = .)
 *(SORT_BY_NAME(.init_array.*))
 *(.init_array*)
 .init_array    0x080009b0        0x4 D:/App/cubeide/data/STM32CubeIDE_1.18.1/STM32CubeIDE/plugins/com.st.stm32cube.ide.mcu.externaltools.gnu-tools-for-stm32.13.3.rel1.win32_1.0.0.202411081344/tools/bin/../lib/gcc/arm-none-eabi/13.3.1/thumb/v7-m/nofp/crtbegin.o
                0x080009b4                        PROVIDE (__init_array_end = .)
                0x080009b4                        . = ALIGN (0x4)

.fini_array     0x080009b4        0x4
                0x080009b4                        . = ALIGN (0x4)
                [!provide]                        PROVIDE (__fini_array_start = .)
 *(SORT_BY_NAME(.fini_array.*))
 *(.fini_array*)
 .fini_array    0x080009b4        0x4 D:/App/cubeide/data/STM32CubeIDE_1.18.1/STM32CubeIDE/plugins/com.st.stm32cube.ide.mcu.externaltools.gnu-tools-for-stm32.13.3.rel1.win32_1.0.0.202411081344/tools/bin/../lib/gcc/arm-none-eabi/13.3.1/thumb/v7-m/nofp/crtbegin.o
                [!provide]                        PROVIDE (__fini_array_end = .)
                0x080009b8                        . = ALIGN (0x4)
                0x080009b8                        _sidata = LOADADDR (.data)

.rel.dyn        0x080009b8        0x0
 .rel.iplt      0x080009b8        0x0 D:/App/cubeide/data/STM32CubeIDE_1.18.1/STM32CubeIDE/plugins/com.st.stm32cube.ide.mcu.externaltools.gnu-tools-for-stm32.13.3.rel1.win32_1.0.0.202411081344/tools/bin/../lib/gcc/arm-none-eabi/13.3.1/thumb/v7-m/nofp/crtbegin.o

.data           0x20000000        0x8 load address 0x080009b8
                0x20000000                        . = ALIGN (0x4)
                0x20000000                        _sdata = .
 *(.data)
 *(.data*)
 .data.is_first_write
                0x20000000        0x1 ./Src/main.o
 *fill*         0x20000001        0x3 
 .data.current_flash_address
                0x20000004        0x4 ./Src/main.o
 *(.RamFunc)
 *(.RamFunc*)
                0x20000008                        . = ALIGN (0x4)
                0x20000008                        _edata = .

.igot.plt       0x20000008        0x0 load address 0x080009c0
 .igot.plt      0x20000008        0x0 D:/App/cubeide/data/STM32CubeIDE_1.18.1/STM32CubeIDE/plugins/com.st.stm32cube.ide.mcu.externaltools.gnu-tools-for-stm32.13.3.rel1.win32_1.0.0.202411081344/tools/bin/../lib/gcc/arm-none-eabi/13.3.1/thumb/v7-m/nofp/crtbegin.o
                0x20000008                        . = ALIGN (0x4)

.bss            0x20000008      0x420 load address 0x080009c0
                0x20000008                        _sbss = .
                0x20000008                        __bss_start__ = _sbss
 *(.bss)
 .bss           0x20000008       0x1c D:/App/cubeide/data/STM32CubeIDE_1.18.1/STM32CubeIDE/plugins/com.st.stm32cube.ide.mcu.externaltools.gnu-tools-for-stm32.13.3.rel1.win32_1.0.0.202411081344/tools/bin/../lib/gcc/arm-none-eabi/13.3.1/thumb/v7-m/nofp/crtbegin.o
 *(.bss*)
 .bss.ringbuffer
                0x20000024      0x404 ./Src/Interrupt.o
                0x20000024                ringbuffer
 *(COMMON)
                0x20000428                        . = ALIGN (0x4)
                0x20000428                        _ebss = .
                0x20000428                        __bss_end__ = _ebss

._user_heap_stack
                0x20000428      0x600 load address 0x080009c0
                0x20000428                        . = ALIGN (0x8)
                [!provide]                        PROVIDE (end = .)
                0x20000428                        PROVIDE (_end = .)
                0x20000628                        . = (. + _Min_Heap_Size)
 *fill*         0x20000428      0x200 
                0x20000a28                        . = (. + _Min_Stack_Size)
 *fill*         0x20000628      0x400 
                0x20000a28                        . = ALIGN (0x8)

/DISCARD/
 libc.a(*)
 libm.a(*)
 libgcc.a(*)

.ARM.attributes
                0x00000000       0x29
 *(.ARM.attributes)
 .ARM.attributes
                0x00000000       0x1d D:/App/cubeide/data/STM32CubeIDE_1.18.1/STM32CubeIDE/plugins/com.st.stm32cube.ide.mcu.externaltools.gnu-tools-for-stm32.13.3.rel1.win32_1.0.0.202411081344/tools/bin/../lib/gcc/arm-none-eabi/13.3.1/thumb/v7-m/nofp/crti.o
 .ARM.attributes
                0x0000001d       0x2d D:/App/cubeide/data/STM32CubeIDE_1.18.1/STM32CubeIDE/plugins/com.st.stm32cube.ide.mcu.externaltools.gnu-tools-for-stm32.13.3.rel1.win32_1.0.0.202411081344/tools/bin/../lib/gcc/arm-none-eabi/13.3.1/thumb/v7-m/nofp/crtbegin.o
 .ARM.attributes
                0x0000004a       0x2d ./Src/Flash.o
 .ARM.attributes
                0x00000077       0x2d ./Src/Interrupt.o
 .ARM.attributes
                0x000000a4       0x2d ./Src/RCC.o
 .ARM.attributes
                0x000000d1       0x2d ./Src/Ringbuffer.o
 .ARM.attributes
                0x000000fe       0x2d ./Src/UART.o
 .ARM.attributes
                0x0000012b       0x2d ./Src/gpio.o
 .ARM.attributes
                0x00000158       0x2d ./Src/main.o
 .ARM.attributes
                0x00000185       0x21 ./Startup/startup_stm32f103c8tx.o
 .ARM.attributes
                0x000001a6       0x2d D:/App/cubeide/data/STM32CubeIDE_1.18.1/STM32CubeIDE/plugins/com.st.stm32cube.ide.mcu.externaltools.gnu-tools-for-stm32.13.3.rel1.win32_1.0.0.202411081344/tools/bin/../lib/gcc/arm-none-eabi/13.3.1/../../../../arm-none-eabi/lib/thumb/v7-m/nofp\libc_nano.a(libc_a-init.o)
 .ARM.attributes
                0x000001d3       0x1d D:/App/cubeide/data/STM32CubeIDE_1.18.1/STM32CubeIDE/plugins/com.st.stm32cube.ide.mcu.externaltools.gnu-tools-for-stm32.13.3.rel1.win32_1.0.0.202411081344/tools/bin/../lib/gcc/arm-none-eabi/13.3.1/thumb/v7-m/nofp/crtn.o
OUTPUT(bootloader.elf elf32-littlearm)
LOAD linker stubs
LOAD D:/App/cubeide/data/STM32CubeIDE_1.18.1/STM32CubeIDE/plugins/com.st.stm32cube.ide.mcu.externaltools.gnu-tools-for-stm32.13.3.rel1.win32_1.0.0.202411081344/tools/bin/../lib/gcc/arm-none-eabi/13.3.1/../../../../arm-none-eabi/lib/thumb/v7-m/nofp\libc.a
LOAD D:/App/cubeide/data/STM32CubeIDE_1.18.1/STM32CubeIDE/plugins/com.st.stm32cube.ide.mcu.externaltools.gnu-tools-for-stm32.13.3.rel1.win32_1.0.0.202411081344/tools/bin/../lib/gcc/arm-none-eabi/13.3.1/../../../../arm-none-eabi/lib/thumb/v7-m/nofp\libm.a
LOAD D:/App/cubeide/data/STM32CubeIDE_1.18.1/STM32CubeIDE/plugins/com.st.stm32cube.ide.mcu.externaltools.gnu-tools-for-stm32.13.3.rel1.win32_1.0.0.202411081344/tools/bin/../lib/gcc/arm-none-eabi/13.3.1/thumb/v7-m/nofp\libgcc.a

.debug_info     0x00000000      0xff9
 .debug_info    0x00000000      0x165 ./Src/Flash.o
 .debug_info    0x00000165      0x42d ./Src/Interrupt.o
 .debug_info    0x00000592      0x194 ./Src/RCC.o
 .debug_info    0x00000726      0x1a1 ./Src/Ringbuffer.o
 .debug_info    0x000008c7      0x221 ./Src/UART.o
 .debug_info    0x00000ae8      0x1d1 ./Src/gpio.o
 .debug_info    0x00000cb9      0x310 ./Src/main.o
 .debug_info    0x00000fc9       0x30 ./Startup/startup_stm32f103c8tx.o

.debug_abbrev   0x00000000      0x7ba
 .debug_abbrev  0x00000000       0xbd ./Src/Flash.o
 .debug_abbrev  0x000000bd      0x1cb ./Src/Interrupt.o
 .debug_abbrev  0x00000288       0xda ./Src/RCC.o
 .debug_abbrev  0x00000362      0x105 ./Src/Ringbuffer.o
 .debug_abbrev  0x00000467       0xd8 ./Src/UART.o
 .debug_abbrev  0x0000053f       0xda ./Src/gpio.o
 .debug_abbrev  0x00000619      0x17d ./Src/main.o
 .debug_abbrev  0x00000796       0x24 ./Startup/startup_stm32f103c8tx.o

.debug_aranges  0x00000000      0x1d8
 .debug_aranges
                0x00000000       0x28 ./Src/Flash.o
 .debug_aranges
                0x00000028       0x70 ./Src/Interrupt.o
 .debug_aranges
                0x00000098       0x40 ./Src/RCC.o
 .debug_aranges
                0x000000d8       0x30 ./Src/Ringbuffer.o
 .debug_aranges
                0x00000108       0x40 ./Src/UART.o
 .debug_aranges
                0x00000148       0x38 ./Src/gpio.o
 .debug_aranges
                0x00000180       0x30 ./Src/main.o
 .debug_aranges
                0x000001b0       0x28 ./Startup/startup_stm32f103c8tx.o

.debug_rnglists
                0x00000000      0x143
 .debug_rnglists
                0x00000000       0x1b ./Src/Flash.o
 .debug_rnglists
                0x0000001b       0x50 ./Src/Interrupt.o
 .debug_rnglists
                0x0000006b       0x2f ./Src/RCC.o
 .debug_rnglists
                0x0000009a       0x1f ./Src/Ringbuffer.o
 .debug_rnglists
                0x000000b9       0x2b ./Src/UART.o
 .debug_rnglists
                0x000000e4       0x26 ./Src/gpio.o
 .debug_rnglists
                0x0000010a       0x20 ./Src/main.o
 .debug_rnglists
                0x0000012a       0x19 ./Startup/startup_stm32f103c8tx.o

.debug_macro    0x00000000     0x1503
 .debug_macro   0x00000000       0x72 ./Src/Flash.o
 .debug_macro   0x00000072      0xad2 ./Src/Flash.o
 .debug_macro   0x00000b44       0x22 ./Src/Flash.o
 .debug_macro   0x00000b66       0x8e ./Src/Flash.o
 .debug_macro   0x00000bf4       0x51 ./Src/Flash.o
 .debug_macro   0x00000c45      0x103 ./Src/Flash.o
 .debug_macro   0x00000d48       0x6a ./Src/Flash.o
 .debug_macro   0x00000db2      0x1df ./Src/Flash.o
 .debug_macro   0x00000f91       0x28 ./Src/Flash.o
 .debug_macro   0x00000fb9       0x9a ./Src/Interrupt.o
 .debug_macro   0x00001053       0x22 ./Src/Interrupt.o
 .debug_macro   0x00001075       0x52 ./Src/Interrupt.o
 .debug_macro   0x000010c7       0x46 ./Src/Interrupt.o
 .debug_macro   0x0000110d       0x2e ./Src/Interrupt.o
 .debug_macro   0x0000113b       0x10 ./Src/Interrupt.o
 .debug_macro   0x0000114b       0x72 ./Src/RCC.o
 .debug_macro   0x000011bd       0x82 ./Src/RCC.o
 .debug_macro   0x0000123f       0x73 ./Src/Ringbuffer.o
 .debug_macro   0x000012b2       0x84 ./Src/UART.o
 .debug_macro   0x00001336       0x40 ./Src/UART.o
 .debug_macro   0x00001376       0x7b ./Src/gpio.o
 .debug_macro   0x000013f1       0x1c ./Src/gpio.o
 .debug_macro   0x0000140d       0xb2 ./Src/main.o
 .debug_macro   0x000014bf       0x16 ./Src/main.o
 .debug_macro   0x000014d5       0x2e ./Src/main.o

.debug_line     0x00000000     0x2bc2
 .debug_line    0x00000000      0x5a7 ./Src/Flash.o
 .debug_line    0x000005a7      0x815 ./Src/Interrupt.o
 .debug_line    0x00000dbc      0x70b ./Src/RCC.o
 .debug_line    0x000014c7      0x54f ./Src/Ringbuffer.o
 .debug_line    0x00001a16      0x5ca ./Src/UART.o
 .debug_line    0x00001fe0      0x5a7 ./Src/gpio.o
 .debug_line    0x00002587      0x5c0 ./Src/main.o
 .debug_line    0x00002b47       0x7b ./Startup/startup_stm32f103c8tx.o

.debug_str      0x00000000     0x4622
 .debug_str     0x00000000     0x4622 ./Src/Flash.o
                               0x3e3b (size before relaxing)
 .debug_str     0x00004622     0x428b ./Src/Interrupt.o
 .debug_str     0x00004622     0x3ffe ./Src/RCC.o
 .debug_str     0x00004622     0x3ded ./Src/Ringbuffer.o
 .debug_str     0x00004622     0x4101 ./Src/UART.o
 .debug_str     0x00004622     0x3ffc ./Src/gpio.o
 .debug_str     0x00004622     0x4467 ./Src/main.o
 .debug_str     0x00004622       0x71 ./Startup/startup_stm32f103c8tx.o

.comment        0x00000000       0x43
 .comment       0x00000000       0x43 ./Src/Flash.o
                                 0x44 (size before relaxing)
 .comment       0x00000043       0x44 ./Src/Interrupt.o
 .comment       0x00000043       0x44 ./Src/RCC.o
 .comment       0x00000043       0x44 ./Src/Ringbuffer.o
 .comment       0x00000043       0x44 ./Src/UART.o
 .comment       0x00000043       0x44 ./Src/gpio.o
 .comment       0x00000043       0x44 ./Src/main.o

.debug_frame    0x00000000      0x530
 .debug_frame   0x00000000       0x60 ./Src/Flash.o
 .debug_frame   0x00000060      0x190 ./Src/Interrupt.o
 .debug_frame   0x000001f0       0xb4 ./Src/RCC.o
 .debug_frame   0x000002a4       0x88 ./Src/Ringbuffer.o
 .debug_frame   0x0000032c       0xb8 ./Src/UART.o
 .debug_frame   0x000003e4       0xb0 ./Src/gpio.o
 .debug_frame   0x00000494       0x70 ./Src/main.o
 .debug_frame   0x00000504       0x2c D:/App/cubeide/data/STM32CubeIDE_1.18.1/STM32CubeIDE/plugins/com.st.stm32cube.ide.mcu.externaltools.gnu-tools-for-stm32.13.3.rel1.win32_1.0.0.202411081344/tools/bin/../lib/gcc/arm-none-eabi/13.3.1/../../../../arm-none-eabi/lib/thumb/v7-m/nofp\libc_nano.a(libc_a-init.o)

.debug_line_str
                0x00000000       0x55
 .debug_line_str
                0x00000000       0x55 ./Startup/startup_stm32f103c8tx.o
