Archive member included to satisfy reference by file (symbol)

D:/App/cubeide/data/STM32CubeIDE_1.18.1/STM32CubeIDE/plugins/com.st.stm32cube.ide.mcu.externaltools.gnu-tools-for-stm32.13.3.rel1.win32_1.0.0.202411081344/tools/bin/../lib/gcc/arm-none-eabi/13.3.1/../../../../arm-none-eabi/lib/thumb/v7-m/nofp\libc_nano.a(libc_a-exit.o)
                              D:/App/cubeide/data/STM32CubeIDE_1.18.1/STM32CubeIDE/plugins/com.st.stm32cube.ide.mcu.externaltools.gnu-tools-for-stm32.13.3.rel1.win32_1.0.0.202411081344/tools/bin/../lib/gcc/arm-none-eabi/13.3.1/../../../../arm-none-eabi/lib/thumb/v7-m/nofp/crt0.o (exit)
D:/App/cubeide/data/STM32CubeIDE_1.18.1/STM32CubeIDE/plugins/com.st.stm32cube.ide.mcu.externaltools.gnu-tools-for-stm32.13.3.rel1.win32_1.0.0.202411081344/tools/bin/../lib/gcc/arm-none-eabi/13.3.1/../../../../arm-none-eabi/lib/thumb/v7-m/nofp\libc_nano.a(libc_a-findfp.o)
                              D:/App/cubeide/data/STM32CubeIDE_1.18.1/STM32CubeIDE/plugins/com.st.stm32cube.ide.mcu.externaltools.gnu-tools-for-stm32.13.3.rel1.win32_1.0.0.202411081344/tools/bin/../lib/gcc/arm-none-eabi/13.3.1/../../../../arm-none-eabi/lib/thumb/v7-m/nofp\libc_nano.a(libc_a-exit.o) (__stdio_exit_handler)
D:/App/cubeide/data/STM32CubeIDE_1.18.1/STM32CubeIDE/plugins/com.st.stm32cube.ide.mcu.externaltools.gnu-tools-for-stm32.13.3.rel1.win32_1.0.0.202411081344/tools/bin/../lib/gcc/arm-none-eabi/13.3.1/../../../../arm-none-eabi/lib/thumb/v7-m/nofp\libc_nano.a(libc_a-fwalk.o)
                              D:/App/cubeide/data/STM32CubeIDE_1.18.1/STM32CubeIDE/plugins/com.st.stm32cube.ide.mcu.externaltools.gnu-tools-for-stm32.13.3.rel1.win32_1.0.0.202411081344/tools/bin/../lib/gcc/arm-none-eabi/13.3.1/../../../../arm-none-eabi/lib/thumb/v7-m/nofp\libc_nano.a(libc_a-findfp.o) (_fwalk_sglue)
D:/App/cubeide/data/STM32CubeIDE_1.18.1/STM32CubeIDE/plugins/com.st.stm32cube.ide.mcu.externaltools.gnu-tools-for-stm32.13.3.rel1.win32_1.0.0.202411081344/tools/bin/../lib/gcc/arm-none-eabi/13.3.1/../../../../arm-none-eabi/lib/thumb/v7-m/nofp\libc_nano.a(libc_a-stdio.o)
                              D:/App/cubeide/data/STM32CubeIDE_1.18.1/STM32CubeIDE/plugins/com.st.stm32cube.ide.mcu.externaltools.gnu-tools-for-stm32.13.3.rel1.win32_1.0.0.202411081344/tools/bin/../lib/gcc/arm-none-eabi/13.3.1/../../../../arm-none-eabi/lib/thumb/v7-m/nofp\libc_nano.a(libc_a-findfp.o) (__sread)
D:/App/cubeide/data/STM32CubeIDE_1.18.1/STM32CubeIDE/plugins/com.st.stm32cube.ide.mcu.externaltools.gnu-tools-for-stm32.13.3.rel1.win32_1.0.0.202411081344/tools/bin/../lib/gcc/arm-none-eabi/13.3.1/../../../../arm-none-eabi/lib/thumb/v7-m/nofp\libc_nano.a(libc_a-memset.o)
                              D:/App/cubeide/data/STM32CubeIDE_1.18.1/STM32CubeIDE/plugins/com.st.stm32cube.ide.mcu.externaltools.gnu-tools-for-stm32.13.3.rel1.win32_1.0.0.202411081344/tools/bin/../lib/gcc/arm-none-eabi/13.3.1/../../../../arm-none-eabi/lib/thumb/v7-m/nofp/crt0.o (memset)
D:/App/cubeide/data/STM32CubeIDE_1.18.1/STM32CubeIDE/plugins/com.st.stm32cube.ide.mcu.externaltools.gnu-tools-for-stm32.13.3.rel1.win32_1.0.0.202411081344/tools/bin/../lib/gcc/arm-none-eabi/13.3.1/../../../../arm-none-eabi/lib/thumb/v7-m/nofp\libc_nano.a(libc_a-closer.o)
                              D:/App/cubeide/data/STM32CubeIDE_1.18.1/STM32CubeIDE/plugins/com.st.stm32cube.ide.mcu.externaltools.gnu-tools-for-stm32.13.3.rel1.win32_1.0.0.202411081344/tools/bin/../lib/gcc/arm-none-eabi/13.3.1/../../../../arm-none-eabi/lib/thumb/v7-m/nofp\libc_nano.a(libc_a-stdio.o) (_close_r)
D:/App/cubeide/data/STM32CubeIDE_1.18.1/STM32CubeIDE/plugins/com.st.stm32cube.ide.mcu.externaltools.gnu-tools-for-stm32.13.3.rel1.win32_1.0.0.202411081344/tools/bin/../lib/gcc/arm-none-eabi/13.3.1/../../../../arm-none-eabi/lib/thumb/v7-m/nofp\libc_nano.a(libc_a-reent.o)
                              D:/App/cubeide/data/STM32CubeIDE_1.18.1/STM32CubeIDE/plugins/com.st.stm32cube.ide.mcu.externaltools.gnu-tools-for-stm32.13.3.rel1.win32_1.0.0.202411081344/tools/bin/../lib/gcc/arm-none-eabi/13.3.1/../../../../arm-none-eabi/lib/thumb/v7-m/nofp\libc_nano.a(libc_a-closer.o) (errno)
D:/App/cubeide/data/STM32CubeIDE_1.18.1/STM32CubeIDE/plugins/com.st.stm32cube.ide.mcu.externaltools.gnu-tools-for-stm32.13.3.rel1.win32_1.0.0.202411081344/tools/bin/../lib/gcc/arm-none-eabi/13.3.1/../../../../arm-none-eabi/lib/thumb/v7-m/nofp\libc_nano.a(libc_a-impure.o)
                              D:/App/cubeide/data/STM32CubeIDE_1.18.1/STM32CubeIDE/plugins/com.st.stm32cube.ide.mcu.externaltools.gnu-tools-for-stm32.13.3.rel1.win32_1.0.0.202411081344/tools/bin/../lib/gcc/arm-none-eabi/13.3.1/../../../../arm-none-eabi/lib/thumb/v7-m/nofp\libc_nano.a(libc_a-reent.o) (_impure_ptr)
D:/App/cubeide/data/STM32CubeIDE_1.18.1/STM32CubeIDE/plugins/com.st.stm32cube.ide.mcu.externaltools.gnu-tools-for-stm32.13.3.rel1.win32_1.0.0.202411081344/tools/bin/../lib/gcc/arm-none-eabi/13.3.1/../../../../arm-none-eabi/lib/thumb/v7-m/nofp\libc_nano.a(libc_a-lseekr.o)
[...]
Memory Configuration

Name             Origin             Length             Attributes
RAM              0x20000000         0x00005000         xrw
FLASH            0x08000000         0x00010000         xr
*default*        0x00000000         0xffffffff

Linker script and memory map

LOAD D:/App/cubeide/data/STM32CubeIDE_1.18.1/STM32CubeIDE/plugins/com.st.stm32cube.ide.mcu.externaltools.gnu-tools-for-stm32.13.3.rel1.win32_1.0.0.202411081344/tools/bin/../lib/gcc/arm-none-eabi/13.3.1/thumb/v7-m/nofp/crti.o
LOAD D:/App/cubeide/data/STM32CubeIDE_1.18.1/STM32CubeIDE/plugins/com.st.stm32cube.ide.mcu.externaltools.gnu-tools-for-stm32.13.3.rel1.win32_1.0.0.202411081344/tools/bin/../lib/gcc/arm-none-eabi/13.3.1/thumb/v7-m/nofp/crtbegin.o
LOAD D:/App/cubeide/data/STM32CubeIDE_1.18.1/STM32CubeIDE/plugins/com.st.stm32cube.ide.mcu.externaltools.gnu-tools-for-stm32.13.3.rel1.win32_1.0.0.202411081344/tools/bin/../lib/gcc/arm-none-eabi/13.3.1/../../../../arm-none-eabi/lib/thumb/v7-m/nofp/crt0.o
LOAD ./Src/CRC.o
LOAD ./Src/DMA.o
LOAD ./Src/DMAxRingBuffer.o
LOAD ./Src/Flash.o
LOAD ./Src/IWDG.o
LOAD ./Src/Interrupt.o
LOAD ./Src/Metadata.o
LOAD ./Src/RCC.o
LOAD ./Src/Ringbuffer.o
LOAD ./Src/SPI.o
LOAD ./Src/SPIxDMA.o
LOAD ./Src/Timer.o
LOAD ./Src/UART.o
LOAD ./Src/UARTxDMA.o
LOAD ./Src/gpio.o
LOAD ./Src/main.o
LOAD ./Src/syscalls.o
LOAD ./Src/sysmem.o
LOAD ./Startup/startup_stm32f103c8tx.o
START GROUP
LOAD D:/App/cubeide/data/STM32CubeIDE_1.18.1/STM32CubeIDE/plugins/com.st.stm32cube.ide.mcu.externaltools.gnu-tools-for-stm32.13.3.rel1.win32_1.0.0.202411081344/tools/bin/../lib/gcc/arm-none-eabi/13.3.1/../../../../arm-none-eabi/lib/thumb/v7-m/nofp\libc_nano.a
LOAD D:/App/cubeide/data/STM32CubeIDE_1.18.1/STM32CubeIDE/plugins/com.st.stm32cube.ide.mcu.externaltools.gnu-tools-for-stm32.13.3.rel1.win32_1.0.0.202411081344/tools/bin/../lib/gcc/arm-none-eabi/13.3.1/../../../../arm-none-eabi/lib/thumb/v7-m/nofp\libm.a
END GROUP
START GROUP
LOAD D:/App/cubeide/data/STM32CubeIDE_1.18.1/STM32CubeIDE/plugins/com.st.stm32cube.ide.mcu.externaltools.gnu-tools-for-stm32.13.3.rel1.win32_1.0.0.202411081344/tools/bin/../lib/gcc/arm-none-eabi/13.3.1/thumb/v7-m/nofp\libgcc.a
LOAD D:/App/cubeide/data/STM32CubeIDE_1.18.1/STM32CubeIDE/plugins/com.st.stm32cube.ide.mcu.externaltools.gnu-tools-for-stm32.13.3.rel1.win32_1.0.0.202411081344/tools/bin/../lib/gcc/arm-none-eabi/13.3.1/../../../../arm-none-eabi/lib/thumb/v7-m/nofp\libc_nano.a
END GROUP
START GROUP
LOAD D:/App/cubeide/data/STM32CubeIDE_1.18.1/STM32CubeIDE/plugins/com.st.stm32cube.ide.mcu.externaltools.gnu-tools-for-stm32.13.3.rel1.win32_1.0.0.202411081344/tools/bin/../lib/gcc/arm-none-eabi/13.3.1/thumb/v7-m/nofp\libgcc.a
LOAD D:/App/cubeide/data/STM32CubeIDE_1.18.1/STM32CubeIDE/plugins/com.st.stm32cube.ide.mcu.externaltools.gnu-tools-for-stm32.13.3.rel1.win32_1.0.0.202411081344/tools/bin/../lib/gcc/arm-none-eabi/13.3.1/../../../../arm-none-eabi/lib/thumb/v7-m/nofp\libc_nano.a
LOAD D:/App/cubeide/data/STM32CubeIDE_1.18.1/STM32CubeIDE/plugins/com.st.stm32cube.ide.mcu.externaltools.gnu-tools-for-stm32.13.3.rel1.win32_1.0.0.202411081344/tools/bin/../lib/gcc/arm-none-eabi/13.3.1/../../../../arm-none-eabi/lib/thumb/v7-m/nofp\libnosys.a
END GROUP
START GROUP
LOAD D:/App/cubeide/data/STM32CubeIDE_1.18.1/STM32CubeIDE/plugins/com.st.stm32cube.ide.mcu.externaltools.gnu-tools-for-stm32.13.3.rel1.win32_1.0.0.202411081344/tools/bin/../lib/gcc/arm-none-eabi/13.3.1/thumb/v7-m/nofp\libgcc.a
LOAD D:/App/cubeide/data/STM32CubeIDE_1.18.1/STM32CubeIDE/plugins/com.st.stm32cube.ide.mcu.externaltools.gnu-tools-for-stm32.13.3.rel1.win32_1.0.0.202411081344/tools/bin/../lib/gcc/arm-none-eabi/13.3.1/../../../../arm-none-eabi/lib/thumb/v7-m/nofp\libc_nano.a
LOAD D:/App/cubeide/data/STM32CubeIDE_1.18.1/STM32CubeIDE/plugins/com.st.stm32cube.ide.mcu.externaltools.gnu-tools-for-stm32.13.3.rel1.win32_1.0.0.202411081344/tools/bin/../lib/gcc/arm-none-eabi/13.3.1/../../../../arm-none-eabi/lib/thumb/v7-m/nofp\libnosys.a
END GROUP
LOAD D:/App/cubeide/data/STM32CubeIDE_1.18.1/STM32CubeIDE/plugins/com.st.stm32cube.ide.mcu.externaltools.gnu-tools-for-stm32.13.3.rel1.win32_1.0.0.202411081344/tools/bin/../lib/gcc/arm-none-eabi/13.3.1/thumb/v7-m/nofp/crtend.o
LOAD D:/App/cubeide/data/STM32CubeIDE_1.18.1/STM32CubeIDE/plugins/com.st.stm32cube.ide.mcu.externaltools.gnu-tools-for-stm32.13.3.rel1.win32_1.0.0.202411081344/tools/bin/../lib/gcc/arm-none-eabi/13.3.1/thumb/v7-m/nofp/crtn.o
                0x20005000                        _estack = (ORIGIN (RAM) + LENGTH (RAM))
                0x00000200                        _Min_Heap_Size = 0x200
                0x00000400                        _Min_Stack_Size = 0x400

.isr_vector     0x08000000      0x130
                0x08000000                        . = ALIGN (0x4)
 *(.isr_vector)
 .isr_vector    0x08000000      0x130 ./Startup/startup_stm32f103c8tx.o
                0x08000000                g_pfnVectors
                0x08000130                        . = ALIGN (0x4)

.text           0x08000130      0xad8
                0x08000130                        . = ALIGN (0x4)
 *(.text)
 .text          0x08000130       0x40 D:/App/cubeide/data/STM32CubeIDE_1.18.1/STM32CubeIDE/plugins/com.st.stm32cube.ide.mcu.externaltools.gnu-tools-for-stm32.13.3.rel1.win32_1.0.0.202411081344/tools/bin/../lib/gcc/arm-none-eabi/13.3.1/thumb/v7-m/nofp/crtbegin.o
 *(.text*)
 .text.CRC_Setup
                0x08000170       0x2c ./Src/CRC.o
                0x08000170                CRC_Setup
 .text.DMAxRingBuffer_UpdateData
                0x0800019c       0x70 ./Src/DMAxRingBuffer.o
                0x0800019c                DMAxRingBuffer_UpdateData
 .text.Flash_ConfigHighSpeed
                0x0800020c       0x34 ./Src/Flash.o
                0x0800020c                Flash_ConfigHighSpeed
 .text.Flash_WriteHalfWord
                0x08000240       0x80 ./Src/Flash.o
                0x08000240                Flash_WriteHalfWord
 .text.Flash_EraseOnePage
                0x080002c0       0x88 ./Src/Flash.o
                0x080002c0                Flash_EraseOnePage
 .text.Flash_eraseMultiplePage
                0x08000348       0x3a ./Src/Flash.o
                0x08000348                Flash_eraseMultiplePage
 *fill*         0x08000382        0x2 
 .text.IWDG_refresh
                0x08000384       0x18 ./Src/IWDG.o
                0x08000384                IWDG_refresh
 .text.NVIC_Enable_IRQ
                0x0800039c       0x54 ./Src/Interrupt.o
                0x0800039c                NVIC_Enable_IRQ
 .text.USART1_IRQHandler
                0x080003f0       0x14 ./Src/Interrupt.o
                0x080003f0                USART1_IRQHandler
 .text.EXTI0_IRQHandler
                0x08000404       0x28 ./Src/Interrupt.o
                0x08000404                EXTI0_IRQHandler
 .text.EXTI1_IRQHandler
                0x0800042c       0x28 ./Src/Interrupt.o
                0x0800042c                EXTI1_IRQHandler
 .text.EXTI2_IRQHandler
                0x08000454       0x28 ./Src/Interrupt.o
                0x08000454                EXTI2_IRQHandler
 .text.EXTI3_IRQHandler
                0x0800047c       0x28 ./Src/Interrupt.o
                0x0800047c                EXTI3_IRQHandler
 .text.EXTI4_IRQHandler
                0x080004a4       0x28 ./Src/Interrupt.o
                0x080004a4                EXTI4_IRQHandler
 .text.EXTI9_5_IRQHandler
                0x080004cc       0x50 ./Src/Interrupt.o
                0x080004cc                EXTI9_5_IRQHandler
 .text.EXTI15_10_IRQHandler
                0x0800051c       0x50 ./Src/Interrupt.o
                0x0800051c                EXTI15_10_IRQHandler
 .text.DMA1_Channel4_IRQHandler
                0x0800056c       0x14 ./Src/Interrupt.o
                0x0800056c                DMA1_Channel4_IRQHandler
 .text.RCC_Config_HSI_8MHz
                0x08000580       0x88 ./Src/RCC.o
                0x08000580                RCC_Config_HSI_8MHz
 .text.Ringbuffer_put
                0x08000608       0x56 ./Src/Ringbuffer.o
                0x08000608                Ringbuffer_put
 .text.Ringbuffer_get
                0x0800065e       0x62 ./Src/Ringbuffer.o
                0x0800065e                Ringbuffer_get
 .text.Ringbuffer_init
                0x080006c0       0x22 ./Src/Ringbuffer.o
                0x080006c0                Ringbuffer_init
 *fill*         0x080006e2        0x2 
 .text.TIM1_SetUp
                0x080006e4       0x30 ./Src/Timer.o
                0x080006e4                TIM1_SetUp
 .text.TIM1_StartCounting
                0x08000714       0x3c ./Src/Timer.o
                0x08000714                TIM1_StartCounting
 .text.UART1_init
                0x08000750       0x84 ./Src/UART.o
                0x08000750                UART1_init
 .text.UART1_send_data
                0x080007d4       0x3c ./Src/UART.o
                0x080007d4                UART1_send_data
 .text.UARTxDMA_Config
                0x08000810       0x68 ./Src/UARTxDMA.o
                0x08000810                UARTxDMA_Config
 .text.GPIO_init_output
                0x08000878       0xe8 ./Src/gpio.o
                0x08000878                GPIO_init_output
 .text.GPIO_InitBootPin
                0x08000960       0x44 ./Src/gpio.o
                0x08000960                GPIO_InitBootPin
 .text.main     0x080009a4       0x14 ./Src/main.o
                0x080009a4                main
 .text.Initialization
                0x080009b8       0x3c ./Src/main.o
                0x080009b8                Initialization
 .text.UpdateFirmware
                0x080009f4      0x118 ./Src/main.o
                0x080009f4                UpdateFirmware
 .text.TIM1_UP_IRQHandler
                0x08000b0c       0x38 ./Src/main.o
                0x08000b0c                TIM1_UP_IRQHandler
 .text.Reset_Handler
                0x08000b44       0x50 ./Startup/startup_stm32f103c8tx.o
                0x08000b44                Reset_Handler
 .text.Default_Handler
                0x08000b94        0x2 ./Startup/startup_stm32f103c8tx.o
                0x08000b94                TIM8_TRG_COM_IRQHandler
                0x08000b94                TIM8_CC_IRQHandler
                0x08000b94                DebugMon_Handler
                0x08000b94                TIM1_CC_IRQHandler
                0x08000b94                HardFault_Handler
                0x08000b94                TIM6_IRQHandler
                0x08000b94                SysTick_Handler
                0x08000b94                PVD_IRQHandler
                0x08000b94                SDIO_IRQHandler
                0x08000b94                PendSV_Handler
                0x08000b94                NMI_Handler
                0x08000b94                USB_HP_CAN_TX_IRQHandler
                0x08000b94                I2C2_EV_IRQHandler
                0x08000b94                UsageFault_Handler
                0x08000b94                ADC1_2_IRQHandler
                0x08000b94                SPI1_IRQHandler
                0x08000b94                CAN_SCE_IRQHandler
                0x08000b94                TAMPER_IRQHandler
                0x08000b94                TIM8_UP_IRQHandler
                0x08000b94                DMA2_Channel2_IRQHandler
                0x08000b94                USART3_IRQHandler
                0x08000b94                RTC_IRQHandler
                0x08000b94                DMA1_Channel7_IRQHandler
                0x08000b94                UART5_IRQHandler
                0x08000b94                ADC3_IRQHandler
                0x08000b94                TIM4_IRQHandler
                0x08000b94                CAN_RX1_IRQHandler
                0x08000b94                DMA2_Channel1_IRQHandler
                0x08000b94                I2C1_EV_IRQHandler
                0x08000b94                DMA1_Channel6_IRQHandler
                0x08000b94                UART4_IRQHandler
                0x08000b94                TIM3_IRQHandler
                0x08000b94                RCC_IRQHandler
                0x08000b94                TIM1_TRG_COM_IRQHandler
                0x08000b94                DMA1_Channel1_IRQHandler
                0x08000b94                Default_Handler
                0x08000b94                TIM7_IRQHandler
                0x08000b94                TIM5_IRQHandler
                0x08000b94                SPI2_IRQHandler
                0x08000b94                USB_LP_CAN_RX0_IRQHandler
                0x08000b94                MemManage_Handler
                0x08000b94                SVC_Handler
                0x08000b94                DMA1_Channel5_IRQHandler
                0x08000b94                DMA1_Channel3_IRQHandler
                0x08000b94                FSMC_IRQHandler
                0x08000b94                WWDG_IRQHandler
                0x08000b94                TIM2_IRQHandler
                0x08000b94                TIM1_BRK_IRQHandler
                0x08000b94                RTCAlarm_IRQHandler
                0x08000b94                DMA2_Channel4_5_IRQHandler
                0x08000b94                USART2_IRQHandler
                0x08000b94                I2C2_ER_IRQHandler
                0x08000b94                DMA1_Channel2_IRQHandler
                0x08000b94                TIM8_BRK_IRQHandler
                0x08000b94                FLASH_IRQHandler
                0x08000b94                BusFault_Handler
                0x08000b94                SPI3_IRQHandler
                0x08000b94                I2C1_ER_IRQHandler
                0x08000b94                DMA2_Channel3_IRQHandler
 .text.memset   0x08000b96       0x10 D:/App/cubeide/data/STM32CubeIDE_1.18.1/STM32CubeIDE/plugins/com.st.stm32cube.ide.mcu.externaltools.gnu-tools-for-stm32.13.3.rel1.win32_1.0.0.202411081344/tools/bin/../lib/gcc/arm-none-eabi/13.3.1/../../../../arm-none-eabi/lib/thumb/v7-m/nofp\libc_nano.a(libc_a-memset.o)
                0x08000b96                memset
 *fill*         0x08000ba6        0x2 
 .text.__libc_init_array
                0x08000ba8       0x48 D:/App/cubeide/data/STM32CubeIDE_1.18.1/STM32CubeIDE/plugins/com.st.stm32cube.ide.mcu.externaltools.gnu-tools-for-stm32.13.3.rel1.win32_1.0.0.202411081344/tools/bin/../lib/gcc/arm-none-eabi/13.3.1/../../../../arm-none-eabi/lib/thumb/v7-m/nofp\libc_nano.a(libc_a-init.o)
                0x08000ba8                __libc_init_array
 *(.glue_7)
 .glue_7        0x08000bf0        0x0 linker stubs
 *(.glue_7t)
 .glue_7t       0x08000bf0        0x0 linker stubs
 *(.eh_frame)
 .eh_frame      0x08000bf0        0x0 D:/App/cubeide/data/STM32CubeIDE_1.18.1/STM32CubeIDE/plugins/com.st.stm32cube.ide.mcu.externaltools.gnu-tools-for-stm32.13.3.rel1.win32_1.0.0.202411081344/tools/bin/../lib/gcc/arm-none-eabi/13.3.1/thumb/v7-m/nofp/crtbegin.o
 *(.init)
 .init          0x08000bf0        0x4 D:/App/cubeide/data/STM32CubeIDE_1.18.1/STM32CubeIDE/plugins/com.st.stm32cube.ide.mcu.externaltools.gnu-tools-for-stm32.13.3.rel1.win32_1.0.0.202411081344/tools/bin/../lib/gcc/arm-none-eabi/13.3.1/thumb/v7-m/nofp/crti.o
                0x08000bf0                _init
 .init          0x08000bf4        0x8 D:/App/cubeide/data/STM32CubeIDE_1.18.1/STM32CubeIDE/plugins/com.st.stm32cube.ide.mcu.externaltools.gnu-tools-for-stm32.13.3.rel1.win32_1.0.0.202411081344/tools/bin/../lib/gcc/arm-none-eabi/13.3.1/thumb/v7-m/nofp/crtn.o
 *(.fini)
 .fini          0x08000bfc        0x4 D:/App/cubeide/data/STM32CubeIDE_1.18.1/STM32CubeIDE/plugins/com.st.stm32cube.ide.mcu.externaltools.gnu-tools-for-stm32.13.3.rel1.win32_1.0.0.202411081344/tools/bin/../lib/gcc/arm-none-eabi/13.3.1/thumb/v7-m/nofp/crti.o
                0x08000bfc                _fini
 .fini          0x08000c00        0x8 D:/App/cubeide/data/STM32CubeIDE_1.18.1/STM32CubeIDE/plugins/com.st.stm32cube.ide.mcu.externaltools.gnu-tools-for-stm32.13.3.rel1.win32_1.0.0.202411081344/tools/bin/../lib/gcc/arm-none-eabi/13.3.1/thumb/v7-m/nofp/crtn.o
                0x08000c08                        . = ALIGN (0x4)
                0x08000c08                        _etext = .

.vfp11_veneer   0x08000c08        0x0
 .vfp11_veneer  0x08000c08        0x0 linker stubs

.v4_bx          0x08000c08        0x0
 .v4_bx         0x08000c08        0x0 linker stubs

.iplt           0x08000c08        0x0
 .iplt          0x08000c08        0x0 D:/App/cubeide/data/STM32CubeIDE_1.18.1/STM32CubeIDE/plugins/com.st.stm32cube.ide.mcu.externaltools.gnu-tools-for-stm32.13.3.rel1.win32_1.0.0.202411081344/tools/bin/../lib/gcc/arm-none-eabi/13.3.1/thumb/v7-m/nofp/crtbegin.o

.rodata         0x08000c08        0x0
                0x08000c08                        . = ALIGN (0x4)
 *(.rodata)
 *(.rodata*)
                0x08000c08                        . = ALIGN (0x4)

.ARM.extab      0x08000c08        0x0
                0x08000c08                        . = ALIGN (0x4)
 *(.ARM.extab* .gnu.linkonce.armextab.*)
                0x08000c08                        . = ALIGN (0x4)

.ARM            0x08000c08        0x0
                0x08000c08                        . = ALIGN (0x4)
                0x08000c08                        __exidx_start = .
 *(.ARM.exidx*)
                0x08000c08                        __exidx_end = .
                0x08000c08                        . = ALIGN (0x4)

.preinit_array  0x08000c08        0x0
                0x08000c08                        . = ALIGN (0x4)
                0x08000c08                        PROVIDE (__preinit_array_start = .)
 *(.preinit_array*)
                0x08000c08                        PROVIDE (__preinit_array_end = .)
                0x08000c08                        . = ALIGN (0x4)

.init_array     0x08000c08        0x4
                0x08000c08                        . = ALIGN (0x4)
                0x08000c08                        PROVIDE (__init_array_start = .)
 *(SORT_BY_NAME(.init_array.*))
 *(.init_array*)
 .init_array    0x08000c08        0x4 D:/App/cubeide/data/STM32CubeIDE_1.18.1/STM32CubeIDE/plugins/com.st.stm32cube.ide.mcu.externaltools.gnu-tools-for-stm32.13.3.rel1.win32_1.0.0.202411081344/tools/bin/../lib/gcc/arm-none-eabi/13.3.1/thumb/v7-m/nofp/crtbegin.o
                0x08000c0c                        PROVIDE (__init_array_end = .)
                0x08000c0c                        . = ALIGN (0x4)

.fini_array     0x08000c0c        0x4
                0x08000c0c                        . = ALIGN (0x4)
                [!provide]                        PROVIDE (__fini_array_start = .)
 *(SORT_BY_NAME(.fini_array.*))
 *(.fini_array*)
 .fini_array    0x08000c0c        0x4 D:/App/cubeide/data/STM32CubeIDE_1.18.1/STM32CubeIDE/plugins/com.st.stm32cube.ide.mcu.externaltools.gnu-tools-for-stm32.13.3.rel1.win32_1.0.0.202411081344/tools/bin/../lib/gcc/arm-none-eabi/13.3.1/thumb/v7-m/nofp/crtbegin.o
                [!provide]                        PROVIDE (__fini_array_end = .)
                0x08000c10                        . = ALIGN (0x4)
                0x08000c10                        _sidata = LOADADDR (.data)

.rel.dyn        0x08000c10        0x0
 .rel.iplt      0x08000c10        0x0 D:/App/cubeide/data/STM32CubeIDE_1.18.1/STM32CubeIDE/plugins/com.st.stm32cube.ide.mcu.externaltools.gnu-tools-for-stm32.13.3.rel1.win32_1.0.0.202411081344/tools/bin/../lib/gcc/arm-none-eabi/13.3.1/thumb/v7-m/nofp/crtbegin.o

.data           0x20000000        0x0 load address 0x08000c10
                0x20000000                        . = ALIGN (0x4)
                0x20000000                        _sdata = .
 *(.data)
 *(.data*)
 *(.RamFunc)
 *(.RamFunc*)
                0x20000000                        . = ALIGN (0x4)
                0x20000000                        _edata = .

.igot.plt       0x20000000        0x0 load address 0x08000c10
 .igot.plt      0x20000000        0x0 D:/App/cubeide/data/STM32CubeIDE_1.18.1/STM32CubeIDE/plugins/com.st.stm32cube.ide.mcu.externaltools.gnu-tools-for-stm32.13.3.rel1.win32_1.0.0.202411081344/tools/bin/../lib/gcc/arm-none-eabi/13.3.1/thumb/v7-m/nofp/crtbegin.o
                0x20000000                        . = ALIGN (0x4)

.bss            0x20000000     0x1028 load address 0x08000c10
                0x20000000                        _sbss = .
                0x20000000                        __bss_start__ = _sbss
 *(.bss)
 .bss           0x20000000       0x1c D:/App/cubeide/data/STM32CubeIDE_1.18.1/STM32CubeIDE/plugins/com.st.stm32cube.ide.mcu.externaltools.gnu-tools-for-stm32.13.3.rel1.win32_1.0.0.202411081344/tools/bin/../lib/gcc/arm-none-eabi/13.3.1/thumb/v7-m/nofp/crtbegin.o
 *(.bss*)
 .bss.old_pos   0x2000001c        0x2 ./Src/DMAxRingBuffer.o
                0x2000001c                old_pos
 *fill*         0x2000001e        0x2 
 .bss.RingBuffer
                0x20000020      0x804 ./Src/Ringbuffer.o
                0x20000020                RingBuffer
 .bss.UARTxDMA_RxBuffer
                0x20000824      0x800 ./Src/UARTxDMA.o
                0x20000824                UARTxDMA_RxBuffer
 .bss.elapsedTimeCNT
                0x20001024        0x4 ./Src/main.o
                0x20001024                elapsedTimeCNT
 *(COMMON)
                0x20001028                        . = ALIGN (0x4)
                0x20001028                        _ebss = .
                0x20001028                        __bss_end__ = _ebss

._user_heap_stack
                0x20001028      0x600 load address 0x08000c10
                0x20001028                        . = ALIGN (0x8)
                [!provide]                        PROVIDE (end = .)
                0x20001028                        PROVIDE (_end = .)
                0x20001228                        . = (. + _Min_Heap_Size)
 *fill*         0x20001028      0x200 
                0x20001628                        . = (. + _Min_Stack_Size)
 *fill*         0x20001228      0x400 
                0x20001628                        . = ALIGN (0x8)

/DISCARD/
 libc.a(*)
 libm.a(*)
 libgcc.a(*)

.ARM.attributes
                0x00000000       0x29
 *(.ARM.attributes)
 .ARM.attributes
                0x00000000       0x1d D:/App/cubeide/data/STM32CubeIDE_1.18.1/STM32CubeIDE/plugins/com.st.stm32cube.ide.mcu.externaltools.gnu-tools-for-stm32.13.3.rel1.win32_1.0.0.202411081344/tools/bin/../lib/gcc/arm-none-eabi/13.3.1/thumb/v7-m/nofp/crti.o
 .ARM.attributes
                0x0000001d       0x2d D:/App/cubeide/data/STM32CubeIDE_1.18.1/STM32CubeIDE/plugins/com.st.stm32cube.ide.mcu.externaltools.gnu-tools-for-stm32.13.3.rel1.win32_1.0.0.202411081344/tools/bin/../lib/gcc/arm-none-eabi/13.3.1/thumb/v7-m/nofp/crtbegin.o
 .ARM.attributes
                0x0000004a       0x2d ./Src/CRC.o
 .ARM.attributes
                0x00000077       0x2d ./Src/DMAxRingBuffer.o
 .ARM.attributes
                0x000000a4       0x2d ./Src/Flash.o
 .ARM.attributes
                0x000000d1       0x2d ./Src/IWDG.o
 .ARM.attributes
                0x000000fe       0x2d ./Src/Interrupt.o
 .ARM.attributes
                0x0000012b       0x2d ./Src/RCC.o
 .ARM.attributes
                0x00000158       0x2d ./Src/Ringbuffer.o
 .ARM.attributes
                0x00000185       0x2d ./Src/Timer.o
 .ARM.attributes
                0x000001b2       0x2d ./Src/UART.o
 .ARM.attributes
                0x000001df       0x2d ./Src/UARTxDMA.o
 .ARM.attributes
                0x0000020c       0x2d ./Src/gpio.o
 .ARM.attributes
                0x00000239       0x2d ./Src/main.o
 .ARM.attributes
                0x00000266       0x21 ./Startup/startup_stm32f103c8tx.o
 .ARM.attributes
                0x00000287       0x2d D:/App/cubeide/data/STM32CubeIDE_1.18.1/STM32CubeIDE/plugins/com.st.stm32cube.ide.mcu.externaltools.gnu-tools-for-stm32.13.3.rel1.win32_1.0.0.202411081344/tools/bin/../lib/gcc/arm-none-eabi/13.3.1/../../../../arm-none-eabi/lib/thumb/v7-m/nofp\libc_nano.a(libc_a-memset.o)
 .ARM.attributes
                0x000002b4       0x2d D:/App/cubeide/data/STM32CubeIDE_1.18.1/STM32CubeIDE/plugins/com.st.stm32cube.ide.mcu.externaltools.gnu-tools-for-stm32.13.3.rel1.win32_1.0.0.202411081344/tools/bin/../lib/gcc/arm-none-eabi/13.3.1/../../../../arm-none-eabi/lib/thumb/v7-m/nofp\libc_nano.a(libc_a-init.o)
 .ARM.attributes
                0x000002e1       0x1d D:/App/cubeide/data/STM32CubeIDE_1.18.1/STM32CubeIDE/plugins/com.st.stm32cube.ide.mcu.externaltools.gnu-tools-for-stm32.13.3.rel1.win32_1.0.0.202411081344/tools/bin/../lib/gcc/arm-none-eabi/13.3.1/thumb/v7-m/nofp/crtn.o
OUTPUT(Bootloader_UART.elf elf32-littlearm)
LOAD linker stubs
LOAD D:/App/cubeide/data/STM32CubeIDE_1.18.1/STM32CubeIDE/plugins/com.st.stm32cube.ide.mcu.externaltools.gnu-tools-for-stm32.13.3.rel1.win32_1.0.0.202411081344/tools/bin/../lib/gcc/arm-none-eabi/13.3.1/../../../../arm-none-eabi/lib/thumb/v7-m/nofp\libc.a
LOAD D:/App/cubeide/data/STM32CubeIDE_1.18.1/STM32CubeIDE/plugins/com.st.stm32cube.ide.mcu.externaltools.gnu-tools-for-stm32.13.3.rel1.win32_1.0.0.202411081344/tools/bin/../lib/gcc/arm-none-eabi/13.3.1/../../../../arm-none-eabi/lib/thumb/v7-m/nofp\libm.a
LOAD D:/App/cubeide/data/STM32CubeIDE_1.18.1/STM32CubeIDE/plugins/com.st.stm32cube.ide.mcu.externaltools.gnu-tools-for-stm32.13.3.rel1.win32_1.0.0.202411081344/tools/bin/../lib/gcc/arm-none-eabi/13.3.1/thumb/v7-m/nofp\libgcc.a

.debug_info     0x00000000     0x1e40
 .debug_info    0x00000000      0x198 ./Src/CRC.o
 .debug_info    0x00000198      0x1ed ./Src/DMAxRingBuffer.o
 .debug_info    0x00000385      0x29b ./Src/Flash.o
 .debug_info    0x00000620       0xf9 ./Src/IWDG.o
 .debug_info    0x00000719      0x396 ./Src/Interrupt.o
 .debug_info    0x00000aaf      0x1ba ./Src/RCC.o
 .debug_info    0x00000c69      0x1b3 ./Src/Ringbuffer.o
 .debug_info    0x00000e1c      0x1bf ./Src/Timer.o
 .debug_info    0x00000fdb      0x281 ./Src/UART.o
 .debug_info    0x0000125c      0x207 ./Src/UARTxDMA.o
 .debug_info    0x00001463      0x207 ./Src/gpio.o
 .debug_info    0x0000166a      0x7a6 ./Src/main.o
 .debug_info    0x00001e10       0x30 ./Startup/startup_stm32f103c8tx.o

.debug_abbrev   0x00000000      0xd65
 .debug_abbrev  0x00000000       0xd7 ./Src/CRC.o
 .debug_abbrev  0x000000d7      0x129 ./Src/DMAxRingBuffer.o
 .debug_abbrev  0x00000200      0x138 ./Src/Flash.o
 .debug_abbrev  0x00000338       0xa9 ./Src/IWDG.o
 .debug_abbrev  0x000003e1      0x120 ./Src/Interrupt.o
 .debug_abbrev  0x00000501       0xda ./Src/RCC.o
 .debug_abbrev  0x000005db      0x118 ./Src/Ringbuffer.o
 .debug_abbrev  0x000006f3       0xf7 ./Src/Timer.o
 .debug_abbrev  0x000007ea      0x11e ./Src/UART.o
 .debug_abbrev  0x00000908       0xb4 ./Src/UARTxDMA.o
 .debug_abbrev  0x000009bc      0x110 ./Src/gpio.o
 .debug_abbrev  0x00000acc      0x275 ./Src/main.o
 .debug_abbrev  0x00000d41       0x24 ./Startup/startup_stm32f103c8tx.o

.debug_aranges  0x00000000      0x328
 .debug_aranges
                0x00000000       0x30 ./Src/CRC.o
 .debug_aranges
                0x00000030       0x20 ./Src/DMAxRingBuffer.o
 .debug_aranges
                0x00000050       0x58 ./Src/Flash.o
 .debug_aranges
                0x000000a8       0x28 ./Src/IWDG.o
 .debug_aranges
                0x000000d0       0x70 ./Src/Interrupt.o
 .debug_aranges
                0x00000140       0x48 ./Src/RCC.o
 .debug_aranges
                0x00000188       0x30 ./Src/Ringbuffer.o
 .debug_aranges
                0x000001b8       0x40 ./Src/Timer.o
 .debug_aranges
                0x000001f8       0x40 ./Src/UART.o
 .debug_aranges
                0x00000238       0x20 ./Src/UARTxDMA.o
 .debug_aranges
                0x00000258       0x50 ./Src/gpio.o
 .debug_aranges
                0x000002a8       0x58 ./Src/main.o
 .debug_aranges
                0x00000300       0x28 ./Startup/startup_stm32f103c8tx.o

.debug_rnglists
                0x00000000      0x229
 .debug_rnglists
                0x00000000       0x1f ./Src/CRC.o
 .debug_rnglists
                0x0000001f       0x13 ./Src/DMAxRingBuffer.o
 .debug_rnglists
                0x00000032       0x3f ./Src/Flash.o
 .debug_rnglists
                0x00000071       0x19 ./Src/IWDG.o
 .debug_rnglists
                0x0000008a       0x50 ./Src/Interrupt.o
 .debug_rnglists
                0x000000da       0x35 ./Src/RCC.o
 .debug_rnglists
                0x0000010f       0x1f ./Src/Ringbuffer.o
 .debug_rnglists
                0x0000012e       0x2b ./Src/Timer.o
 .debug_rnglists
                0x00000159       0x2c ./Src/UART.o
 .debug_rnglists
                0x00000185       0x13 ./Src/UARTxDMA.o
 .debug_rnglists
                0x00000198       0x38 ./Src/gpio.o
 .debug_rnglists
                0x000001d0       0x40 ./Src/main.o
 .debug_rnglists
                0x00000210       0x19 ./Startup/startup_stm32f103c8tx.o

.debug_macro    0x00000000     0x2581
 .debug_macro   0x00000000       0x7c ./Src/CRC.o
 .debug_macro   0x0000007c      0xad2 ./Src/CRC.o
 .debug_macro   0x00000b4e       0x22 ./Src/CRC.o
 .debug_macro   0x00000b70       0x8e ./Src/CRC.o
 .debug_macro   0x00000bfe       0x51 ./Src/CRC.o
 .debug_macro   0x00000c4f      0x103 ./Src/CRC.o
 .debug_macro   0x00000d52       0x6a ./Src/CRC.o
 .debug_macro   0x00000dbc      0x1df ./Src/CRC.o
 .debug_macro   0x00000f9b       0x88 ./Src/CRC.o
 .debug_macro   0x00001023       0x8f ./Src/DMAxRingBuffer.o
 .debug_macro   0x000010b2       0x16 ./Src/DMAxRingBuffer.o
 .debug_macro   0x000010c8       0x52 ./Src/DMAxRingBuffer.o
 .debug_macro   0x0000111a       0x72 ./Src/Flash.o
 .debug_macro   0x0000118c       0x34 ./Src/Flash.o
 .debug_macro   0x000011c0       0x7c ./Src/IWDG.o
 .debug_macro   0x0000123c       0x9a ./Src/Interrupt.o
 .debug_macro   0x000012d6       0x4c ./Src/Interrupt.o
 .debug_macro   0x00001322       0x16 ./Src/Interrupt.o
 .debug_macro   0x00001338       0x72 ./Src/RCC.o
 .debug_macro   0x000013aa       0x82 ./Src/RCC.o
 .debug_macro   0x0000142c       0x73 ./Src/Ringbuffer.o
 .debug_macro   0x0000149f       0x7b ./Src/Timer.o
 .debug_macro   0x0000151a       0x10 ./Src/Timer.o
 .debug_macro   0x0000152a      0x160 ./Src/UART.o
 .debug_macro   0x0000168a       0x46 ./Src/UART.o
 .debug_macro   0x000016d0       0x61 ./Src/UART.o
 .debug_macro   0x00001731       0x24 ./Src/UART.o
 .debug_macro   0x00001755       0x43 ./Src/UART.o
 .debug_macro   0x00001798       0x34 ./Src/UART.o
 .debug_macro   0x000017cc      0x190 ./Src/UART.o
 .debug_macro   0x0000195c      0x370 ./Src/UART.o
 .debug_macro   0x00001ccc       0x16 ./Src/UART.o
 .debug_macro   0x00001ce2       0x4a ./Src/UART.o
 .debug_macro   0x00001d2c       0x34 ./Src/UART.o
 .debug_macro   0x00001d60       0x10 ./Src/UART.o
 .debug_macro   0x00001d70       0x58 ./Src/UART.o
 .debug_macro   0x00001dc8       0x8e ./Src/UART.o
 .debug_macro   0x00001e56       0x1c ./Src/UART.o
 .debug_macro   0x00001e72      0x185 ./Src/UART.o
 .debug_macro   0x00001ff7       0x10 ./Src/UART.o
 .debug_macro   0x00002007       0x3c ./Src/UART.o
 .debug_macro   0x00002043       0x20 ./Src/UART.o
 .debug_macro   0x00002063       0x8d ./Src/UARTxDMA.o
 .debug_macro   0x000020f0       0x7b ./Src/gpio.o
 .debug_macro   0x0000216b       0x1c ./Src/gpio.o
 .debug_macro   0x00002187      0x1fc ./Src/main.o
 .debug_macro   0x00002383       0x1c ./Src/main.o
 .debug_macro   0x0000239f       0x10 ./Src/main.o
 .debug_macro   0x000023af       0x1c ./Src/main.o
 .debug_macro   0x000023cb       0x16 ./Src/main.o
 .debug_macro   0x000023e1      0x146 ./Src/main.o
 .debug_macro   0x00002527       0x3a ./Src/main.o
 .debug_macro   0x00002561       0x10 ./Src/main.o
 .debug_macro   0x00002571       0x10 ./Src/main.o

.debug_line     0x00000000     0x4e9d
 .debug_line    0x00000000      0x515 ./Src/CRC.o
 .debug_line    0x00000515      0x531 ./Src/DMAxRingBuffer.o
 .debug_line    0x00000a46      0x66f ./Src/Flash.o
 .debug_line    0x000010b5      0x515 ./Src/IWDG.o
 .debug_line    0x000015ca      0x7f5 ./Src/Interrupt.o
 .debug_line    0x00001dbf      0x73e ./Src/RCC.o
 .debug_line    0x000024fd      0x54f ./Src/Ringbuffer.o
 .debug_line    0x00002a4c      0x5ed ./Src/Timer.o
 .debug_line    0x00003039      0x84c ./Src/UART.o
 .debug_line    0x00003885      0x522 ./Src/UARTxDMA.o
 .debug_line    0x00003da7      0x60a ./Src/gpio.o
 .debug_line    0x000043b1      0xa71 ./Src/main.o
 .debug_line    0x00004e22       0x7b ./Startup/startup_stm32f103c8tx.o

.debug_str      0x00000000     0x8956
 .debug_str     0x00000000     0x8956 ./Src/CRC.o
                               0x3fae (size before relaxing)
 .debug_str     0x00008956     0x4037 ./Src/DMAxRingBuffer.o
 .debug_str     0x00008956     0x3efa ./Src/Flash.o
 .debug_str     0x00008956     0x3f63 ./Src/IWDG.o
 .debug_str     0x00008956     0x4405 ./Src/Interrupt.o
 .debug_str     0x00008956     0x401b ./Src/RCC.o
 .debug_str     0x00008956     0x3dfd ./Src/Ringbuffer.o
 .debug_str     0x00008956     0x3fc3 ./Src/Timer.o
 .debug_str     0x00008956     0x781c ./Src/UART.o
 .debug_str     0x00008956     0x4258 ./Src/UARTxDMA.o
 .debug_str     0x00008956     0x4037 ./Src/gpio.o
 .debug_str     0x00008956     0x86df ./Src/main.o
 .debug_str     0x00008956       0x76 ./Startup/startup_stm32f103c8tx.o

.comment        0x00000000       0x43
 .comment       0x00000000       0x43 ./Src/CRC.o
                                 0x44 (size before relaxing)
 .comment       0x00000043       0x44 ./Src/DMAxRingBuffer.o
 .comment       0x00000043       0x44 ./Src/Flash.o
 .comment       0x00000043       0x44 ./Src/IWDG.o
 .comment       0x00000043       0x44 ./Src/Interrupt.o
 .comment       0x00000043       0x44 ./Src/RCC.o
 .comment       0x00000043       0x44 ./Src/Ringbuffer.o
 .comment       0x00000043       0x44 ./Src/Timer.o
 .comment       0x00000043       0x44 ./Src/UART.o
 .comment       0x00000043       0x44 ./Src/UARTxDMA.o
 .comment       0x00000043       0x44 ./Src/gpio.o
 .comment       0x00000043       0x44 ./Src/main.o

.debug_frame    0x00000000      0x934
 .debug_frame   0x00000000       0x78 ./Src/CRC.o
 .debug_frame   0x00000078       0x34 ./Src/DMAxRingBuffer.o
 .debug_frame   0x000000ac      0x140 ./Src/Flash.o
 .debug_frame   0x000001ec       0x4c ./Src/IWDG.o
 .debug_frame   0x00000238      0x190 ./Src/Interrupt.o
 .debug_frame   0x000003c8       0xd4 ./Src/RCC.o
 .debug_frame   0x0000049c       0x88 ./Src/Ringbuffer.o
 .debug_frame   0x00000524       0xc0 ./Src/Timer.o
 .debug_frame   0x000005e4       0xbc ./Src/UART.o
 .debug_frame   0x000006a0       0x30 ./Src/UARTxDMA.o
 .debug_frame   0x000006d0      0x110 ./Src/gpio.o
 .debug_frame   0x000007e0      0x108 ./Src/main.o
 .debug_frame   0x000008e8       0x20 D:/App/cubeide/data/STM32CubeIDE_1.18.1/STM32CubeIDE/plugins/com.st.stm32cube.ide.mcu.externaltools.gnu-tools-for-stm32.13.3.rel1.win32_1.0.0.202411081344/tools/bin/../lib/gcc/arm-none-eabi/13.3.1/../../../../arm-none-eabi/lib/thumb/v7-m/nofp\libc_nano.a(libc_a-memset.o)
 .debug_frame   0x00000908       0x2c D:/App/cubeide/data/STM32CubeIDE_1.18.1/STM32CubeIDE/plugins/com.st.stm32cube.ide.mcu.externaltools.gnu-tools-for-stm32.13.3.rel1.win32_1.0.0.202411081344/tools/bin/../lib/gcc/arm-none-eabi/13.3.1/../../../../arm-none-eabi/lib/thumb/v7-m/nofp\libc_nano.a(libc_a-init.o)

.debug_line_str
                0x00000000       0x5a
 .debug_line_str
                0x00000000       0x5a ./Startup/startup_stm32f103c8tx.o
